START Job integration.driver.abi
START Step integration.driver.abi/build/kernelBuild:integration-driver-abi
HEARTBEAT Step integration.driver.abi/kernelBuild:integration-driver-abi 30003ms
HEARTBEAT Step integration.driver.abi/kernelBuild:integration-driver-abi 60004ms
HEARTBEAT Step integration.driver.abi/kernelBuild:integration-driver-abi 90040ms
HEARTBEAT Step integration.driver.abi/kernelBuild:integration-driver-abi 120037ms
HEARTBEAT Step integration.driver.abi/kernelBuild:integration-driver-abi 150052ms
HEARTBEAT Step integration.driver.abi/kernelBuild:integration-driver-abi 180056ms
HEARTBEAT Step integration.driver.abi/kernelBuild:integration-driver-abi 210057ms
END Step integration.driver.abi/kernelBuild:integration-driver-abi SUCCESS 232797ms CACHE MISS
START Step integration.driver.abi/build/busyboxBuild:integration-driver-abi
HEARTBEAT Step integration.driver.abi/busyboxBuild:integration-driver-abi 30018ms
HEARTBEAT Step integration.driver.abi/busyboxBuild:integration-driver-abi 60034ms
END Step integration.driver.abi/busyboxBuild:integration-driver-abi SUCCESS 65767ms CACHE MISS
START Step integration.driver.abi/build/kernelArtifactContext:integration-driver-abi
END Step integration.driver.abi/kernelArtifactContext:integration-driver-abi SUCCESS 157ms
START Step integration.driver.abi/build/artifactBuild:driver-1
END Step integration.driver.abi/artifactBuild:driver-1 SUCCESS 3945ms
START Step integration.driver.abi/build/kernelArtifactValidate:driver-1
END Step integration.driver.abi/kernelArtifactValidate:driver-1 SUCCESS 3ms
START Step integration.driver.abi/build/artifactBuild:driver-guest
END Step integration.driver.abi/artifactBuild:driver-guest SUCCESS 1275ms
START Step integration.driver.abi/build/driverGuestArtifactValidate:driver-guest
END Step integration.driver.abi/driverGuestArtifactValidate:driver-guest SUCCESS 1ms
START Step integration.driver.abi/build/umlRootfsBuild:integration-driver-abi
END Step integration.driver.abi/umlRootfsBuild:integration-driver-abi SUCCESS 923ms CACHE MISS
START Step integration.driver.abi/provision/umlStart:integration-driver-abi
END Step integration.driver.abi/umlStart:integration-driver-abi SUCCESS 217ms
START Step integration.driver.abi/run/cTestRun:integration-driver-abi
END Step integration.driver.abi/cTestRun:integration-driver-abi SUCCESS 56ms
START Step integration.driver.abi/collect/umlLogs:integration-driver-abi
END Step integration.driver.abi/umlLogs:integration-driver-abi SUCCESS 18ms
END Job integration.driver.abi SUCCESS 305164ms
START Job unit.kernel.math
START Step unit.kernel.math/build/kernelBuild:unit_kernel_math
END Step unit.kernel.math/kernelBuild:unit_kernel_math SUCCESS 22850ms CACHE HIT
START Step unit.kernel.math/build/busyboxBuild:unit_kernel_math
END Step unit.kernel.math/busyboxBuild:unit_kernel_math SUCCESS 621ms CACHE HIT
START Step unit.kernel.math/build/kernelArtifactContext:unit_kernel_math
END Step unit.kernel.math/kernelArtifactContext:unit_kernel_math SUCCESS 130ms
START Step unit.kernel.math/build/kernelModuleBuild:cautest_kernel
END Step unit.kernel.math/kernelModuleBuild:cautest_kernel SUCCESS 1742ms CACHE MISS
START Step unit.kernel.math/build/kernelRuntimeSymbols:unit_kernel_math
END Step unit.kernel.math/kernelRuntimeSymbols:unit_kernel_math SUCCESS 0ms
START Step unit.kernel.math/build/artifactBuild:test-module
END Step unit.kernel.math/artifactBuild:test-module SUCCESS 2741ms
START Step unit.kernel.math/build/kernelArtifactValidate:test-module
END Step unit.kernel.math/kernelArtifactValidate:test-module SUCCESS 2ms
START Step unit.kernel.math/build/umlRootfsBuild:unit_kernel_math
END Step unit.kernel.math/umlRootfsBuild:unit_kernel_math SUCCESS 288ms CACHE MISS
START Step unit.kernel.math/provision/umlStart:unit_kernel_math
END Step unit.kernel.math/umlStart:unit_kernel_math SUCCESS 324ms
START Step unit.kernel.math/run/cTestRun:unit_kernel_math
END Step unit.kernel.math/cTestRun:unit_kernel_math SUCCESS 11ms
START Step unit.kernel.math/collect/umlLogs:unit_kernel_math
END Step unit.kernel.math/umlLogs:unit_kernel_math SUCCESS 6ms
END Job unit.kernel.math SUCCESS 28716ms
