START Job integration.driver.abi
START Step integration.driver.abi/build/kernelBuild:integration-driver-abi
END Step integration.driver.abi/kernelBuild:integration-driver-abi SUCCESS 19556ms CACHE HIT
START Step integration.driver.abi/build/busyboxBuild:integration-driver-abi
END Step integration.driver.abi/busyboxBuild:integration-driver-abi SUCCESS 939ms CACHE HIT
START Step integration.driver.abi/build/kernelArtifactContext:integration-driver-abi
END Step integration.driver.abi/kernelArtifactContext:integration-driver-abi SUCCESS 252ms
START Step integration.driver.abi/build/artifactBuild:driver-1
END Step integration.driver.abi/artifactBuild:driver-1 SUCCESS 3676ms
START Step integration.driver.abi/build/kernelArtifactValidate:driver-1
END Step integration.driver.abi/kernelArtifactValidate:driver-1 SUCCESS 1ms
START Step integration.driver.abi/build/artifactBuild:driver-guest
END Step integration.driver.abi/artifactBuild:driver-guest SUCCESS 724ms
START Step integration.driver.abi/build/driverGuestArtifactValidate:driver-guest
END Step integration.driver.abi/driverGuestArtifactValidate:driver-guest SUCCESS 2ms
START Step integration.driver.abi/build/umlRootfsBuild:integration-driver-abi
END Step integration.driver.abi/umlRootfsBuild:integration-driver-abi SUCCESS 521ms CACHE MISS
START Step integration.driver.abi/provision/umlStart:integration-driver-abi
END Step integration.driver.abi/umlStart:integration-driver-abi SUCCESS 416ms
START Step integration.driver.abi/run/cTestRun:integration-driver-abi
END Step integration.driver.abi/cTestRun:integration-driver-abi FAIL 91ms
START Step integration.driver.abi/collect/umlLogs:integration-driver-abi
END Step integration.driver.abi/umlLogs:integration-driver-abi SUCCESS 12ms
END Job integration.driver.abi FAIL 26196ms
