Linux version 6.6.157 (root@42ccc97f624b) (gcc (Debian 14.2.0-19) 14.2.0, GNU ld (GNU Binutils for Debian) 2.44) #1 Wed Sep 23 06:35:27 UTC 2026
Zone ranges:
  Normal   [mem 0x0000000000000000-0x0000000099417fff]
Movable zone start for each node
Early memory node ranges
  node   0: [mem 0x0000000000000000-0x0000000039417fff]
Initmem setup node 0 [mem 0x0000000000000000-0x0000000039417fff]
random: crng init done
Kernel command line: mem=256M initrd=/mnt/data/run-uml/acceptance-final/project-fRxMqR/.cautest/cache/rootfs/16d0aaea163e9715df05903293f850c79ddd37fd085036d628312fbeced98cab/rootfs.cpio root=/dev/ram0 rw init=/init con=null con0=fd:0,fd:1 ssl=null ssl0=fd:3,fd:3 console=tty0
Unknown kernel command line parameters "mem=256M", will be passed to user space.
Dentry cache hash table entries: 131072 (order: 8, 1048576 bytes, linear)
Inode-cache hash table entries: 65536 (order: 7, 524288 bytes, linear)
Sorting __ex_table...
Built 1 zonelists, mobility grouping on.  Total pages: 231313
mem auto-init: stack:all(zero), heap alloc:off, heap free:off
Memory: 237116K/938080K available (3685K kernel code, 990K rwdata, 1320K rodata, 173K init, 231K bss, 700964K reserved, 0K cma-reserved)
SLUB: HWalign=64, Order=0-3, MinObjects=0, CPUs=1, Nodes=1
NR_IRQS: 64
clocksource: timer: mask: 0xffffffffffffffff max_cycles: 0x1cd42e205, max_idle_ns: 881590404426 ns
Calibrating delay loop... 5680.33 BogoMIPS (lpj=28401664)
Checking that host ptys support output SIGIO...Yes
pid_max: default: 32768 minimum: 301
Mount-cache hash table entries: 2048 (order: 2, 16384 bytes, linear)
Mountpoint-cache hash table entries: 2048 (order: 2, 16384 bytes, linear)
devtmpfs: initialized
clocksource: jiffies: mask: 0xffffffff max_cycles: 0xffffffff, max_idle_ns: 19112604462750000 ns
futex hash table entries: 256 (order: 1, 6144 bytes, linear)
NET: Registered PF_NETLINK/PF_ROUTE protocol family
pps_core: LinuxPPS API ver. 1 registered
pps_core: Software ver. 5.3.6 - Copyright 2005-2007 Rodolfo Giometti <giometti@linux.it>
PTP clock support registered
clocksource: Switched to clocksource timer
VFS: Disk quotas dquot_6.6.0
VFS: Dquot-cache hash table entries: 512 (order 0, 4096 bytes)
NET: Registered PF_INET protocol family
IP idents hash table entries: 16384 (order: 5, 131072 bytes, linear)
tcp_listen_portaddr_hash hash table entries: 512 (order: 0, 4096 bytes, linear)
Table-perturb hash table entries: 65536 (order: 6, 262144 bytes, linear)
TCP established hash table entries: 8192 (order: 4, 65536 bytes, linear)
TCP bind hash table entries: 8192 (order: 5, 131072 bytes, linear)
TCP: Hash tables configured (established 8192 bind 8192)
UDP hash table entries: 512 (order: 2, 16384 bytes, linear)
UDP-Lite hash table entries: 512 (order: 2, 16384 bytes, linear)
NET: Registered PF_UNIX/PF_LOCAL protocol family
printk: console [stderr0] disabled
mconsole (version 2) initialized on /home/oai/.uml/4XjlJR/mconsole
Checking host MADV_REMOVE support...OK
Unpacking initramfs...
Freeing initrd memory: 4136K
workingset: timestamp_bits=62 max_order=16 bucket_order=0
io scheduler mq-deadline registered
io scheduler kyber registered
NET: Registered PF_PACKET protocol family
Initialized stdio console driver
Console initialized on /dev/tty0
printk: console [tty0] enabled
Initializing software serial port version 1
printk: console [mc-1] enabled
Failed to initialize ubd device 0 :Couldn't determine size of device's file
epollctl add err fd 0, Operation not permitted
This architecture does not have kernel memory protection.
Run /init as init process
cautest_echo: loading out-of-tree module taints kernel.
cautest: modules loaded
cautest acceptance: guest exit19
Kernel panic - not syncing: Attempted to kill init! exitcode=0x00000000
CPU: 0 PID: 1 Comm: agent Tainted: G           O       6.6.157 #1
Stack:
 603b0621 60488279 99803c40 60398a0a
 3000000099803c20 60488279 60038019 99803cb8
 00000000 00000001 99803c70 603b806e
Call Trace:
 [<603b0621>] ? _printk+0x0/0x94
 [<6002656b>] show_stack+0x150/0x15f
 [<603b0621>] ? _printk+0x0/0x94
 [<60398a0a>] ? dump_stack_print_info+0xe4/0xf1
 [<60038019>] ? um_set_signals+0x0/0x3a
 [<603b806e>] dump_stack_lvl+0x4a/0x58
 [<603b8024>] ? dump_stack_lvl+0x0/0x58
 [<603b0621>] ? _printk+0x0/0x94
 [<603b8096>] dump_stack+0x1a/0x1c
 [<603af6fb>] panic+0x1a6/0x385
 [<600cdccd>] ? __handle_mm_fault+0x17c/0x7e7
 [<603af555>] ? panic+0x0/0x385
 [<600ca57f>] ? count_vm_event+0x3d/0x45
 [<600ca542>] ? count_vm_event+0x0/0x45
 [<6003804d>] ? um_set_signals+0x34/0x3a
 [<6004a3ab>] ? percpu_up_read.constprop.0+0x0/0x69
 [<6003803f>] ? um_set_signals+0x26/0x3a
 [<60038019>] ? um_set_signals+0x0/0x3a
 [<6004a3e5>] ? percpu_up_read.constprop.0+0x3a/0x69
 [<60037f5c>] ? unblock_signals+0x0/0xbd
 [<60037f4d>] ? block_signals+0x0/0xf
 [<60043847>] do_exit+0x227/0x9db
 [<6004b8ff>] ? zap_other_threads+0x42/0xb3
 [<6004427f>] sys_exit_group+0x0/0x16
 [<60044295>] __wake_up_parent+0x0/0x25
 [<600285b7>] handle_syscall+0x79/0xa7
 [<6003aecf>] userspace+0x4dc/0x618
 [<6002538c>] new_thread_handler+0xaa/0xb1
