
> cautest@0.2.1 test:xmake
> npm run build && node --test test/xmake-poc.test.js test/xmake-adapter.test.js test/xmake-robustness.test.js test/xmake-mcu.test.js


> cautest@0.2.1 build
> npm run versions:check && tsc -p tsconfig.json


> cautest@0.2.1 versions:check
> node scripts/sync-versions.mjs

TAP version 13
# Subtest: real vendored entry: side-effect-free list/plan, deterministic fragments, old selectors and disabled jobs
ok 1 - real vendored entry: side-effect-free list/plan, deterministic fragments, old selectors and disabled jobs
  ---
  duration_ms: 1691.635721
  type: 'test'
  ...
# Subtest: real Native multi-module/suite CTP, same-build source reuse and product library macro isolation
ok 2 - real Native multi-module/suite CTP, same-build source reuse and product library macro isolation
  ---
  duration_ms: 5129.619745
  type: 'test'
  ...
# Subtest: real build session: shared target built once, stable binary, corrupted residual rebuilt, error blocks CTP
ok 3 - real build session: shared target built once, stable binary, corrupted residual rebuilt, error blocks CTP
  ---
  duration_ms: 6131.735696
  type: 'test'
  ...
# Subtest: real collector diagnoses duplicate IDs, empty required patterns, unknown fields, cycles and reserved tasks
ok 4 - real collector diagnoses duplicate IDs, empty required patterns, unknown fields, cycles and reserved tasks
  ---
  duration_ms: 634.096254
  type: 'test'
  ...
# Subtest: real workflow module provider receives explicit artifact, reuses old engine, tracks source and rejects env sharing
ok 5 - real workflow module provider receives explicit artifact, reuses old engine, tracks source and rejects env sharing
  ---
  duration_ms: 3054.67085
  type: 'test'
  ...
# Subtest: real Xmake MCU firmware artifact, split serial CTP, shared build and physical alias identity
ok 6 - real Xmake MCU firmware artifact, split serial CTP, shared build and physical alias identity
  ---
  duration_ms: 2799.221809
  type: 'test'
  ...
# Subtest: MCU factories are lazy, owned/borrowed failure cleanup is respected, wrong HELLO build identity fails
ok 7 - MCU factories are lazy, owned/borrowed failure cleanup is respected, wrong HELLO build identity fails
  ---
  duration_ms: 7628.808314
  type: 'test'
  ...
# Subtest: real Xmake 3.1.1: exported table DSL, Node → nested build, options, failure, ordinary build
ok 8 - real Xmake 3.1.1: exported table DSL, Node → nested build, options, failure, ordinary build
  ---
  duration_ms: 1229.592564
  type: 'test'
  ...
# Subtest: real outer SIGINT cancels nested build and reaps a pipe-detached compiler grandchild
ok 9 - real outer SIGINT cancels nested build and reaps a pipe-detached compiler grandchild
  ---
  duration_ms: 583.099441
  type: 'test'
  ...
# Subtest: real generation dependency, mocks and conditional source selection take effect on first build
ok 10 - real generation dependency, mocks and conditional source selection take effect on first build
  ---
  duration_ms: 5802.48811
  type: 'test'
  ...
# Xmake scale measurements [{"jobs":100,"elapsedMs":230.9892060000002},{"jobs":1000,"elapsedMs":283.8878329999998}]
# Subtest: real 100/1000 job discovery, fragment addition/removal, changed cwd and deterministic config digest
ok 11 - real 100/1000 job discovery, fragment addition/removal, changed cwd and deterministic config digest
  ---
  duration_ms: 2455.440777
  type: 'test'
  ...
# Subtest: real mode/output isolation, profile env and strict registry C symbols
ok 12 - real mode/output isolation, profile env and strict registry C symbols
  ---
  duration_ms: 4738.108512
  type: 'test'
  ...
# Subtest: real Native richer fixtures retain PASS/FAIL/ERROR/SKIP and parameterized results
ok 13 - real Native richer fixtures retain PASS/FAIL/ERROR/SKIP and parameterized results
  ---
  duration_ms: 2564.608759
  type: 'test'
  ...
1..13
# tests 13
# suites 0
# pass 13
# fail 0
# cancelled 0
# skipped 0
# todo 0
# duration_ms 17493.408979
