TAP version 13
# Subtest: receipt strictly validates version/target/output/context/bytes and separates protocol identity
ok 1 - receipt strictly validates version/target/output/context/bytes and separates protocol identity
  ---
  duration_ms: 12.674912
  type: 'test'
  ...
# Subtest: Native artifact provider and legacy compiler use identical real CTP runtime and case results
ok 2 - Native artifact provider and legacy compiler use identical real CTP runtime and case results
  ---
  duration_ms: 296.191474
  type: 'test'
  ...
# Subtest: provider errors and missing CTP identities block every downstream Native run
ok 3 - provider errors and missing CTP identities block every downstream Native run
  ---
  duration_ms: 4.10499
  type: 'test'
  ...
# Subtest: MCU registers owned cleanup before flash/reset; borrowed boards remain untouched
ok 4 - MCU registers owned cleanup before flash/reset; borrowed boards remain untouched
  ---
  duration_ms: 9.30877
  type: 'test'
  ...
# Subtest: MCU artifact provider consumes the same real simulated firmware and runtime as legacy builder
ok 5 - MCU artifact provider consumes the same real simulated firmware and runtime as legacy builder
  ---
  duration_ms: 288.43471
  type: 'test'
  ...
# Subtest: Host Simulated MCU 完成 Firmware 构建、Board Reset 和 CTP3 Run
ok 6 - Host Simulated MCU 完成 Firmware 构建、Board Reset 和 CTP3 Run
  ---
  duration_ms: 257.583872
  type: 'test'
  ...
# Subtest: External MCU Adapter 通过统一 CTP3 Transport 执行
ok 7 - External MCU Adapter 通过统一 CTP3 Transport 执行
  ---
  duration_ms: 15.070165
  type: 'test'
  ...
# Subtest: Host MCU 保留 PASS/FAIL/SKIP/ERROR，并在 Hang 超时后可重新运行
ok 8 - Host MCU 保留 PASS/FAIL/SKIP/ERROR，并在 Hang 超时后可重新运行
  ---
  duration_ms: 1639.504083
  type: 'test'
  ...
# Subtest: External MCU 校验 Reset 返回的 Boot ID
ok 9 - External MCU 校验 Reset 返回的 Boot ID
  ---
  duration_ms: 5.192681
  type: 'test'
  ...
# Subtest: Profile Env 覆盖 MCU Job Env，并进入 Firmware 指纹和模拟 Target
ok 10 - Profile Env 覆盖 MCU Job Env，并进入 Firmware 指纹和模拟 Target
  ---
  duration_ms: 465.837646
  type: 'test'
  ...
# Subtest: 模拟 MCU 分片 I/O 与一次断线后重连会重新 HELLO/LIST
ok 11 - 模拟 MCU 分片 I/O 与一次断线后重连会重新 HELLO/LIST
  ---
  duration_ms: 234.055896
  type: 'test'
  ...
# Subtest: 模拟 MCU 一次性命令损坏可复现 Protocol/Target 错误
ok 12 - 模拟 MCU 一次性命令损坏可复现 Protocol/Target 错误
  ---
  duration_ms: 223.955504
  type: 'test'
  ...
# Subtest: External MCU 可选择恢复一次 Timeout 并重新发现 Catalog
ok 13 - External MCU 可选择恢复一次 Timeout 并重新发现 Catalog
  ---
  duration_ms: 3.256348
  type: 'test'
  ...
# Subtest: real flock serializes physical aliases, times out busy, cancels wait and never unlinks a held inode
ok 14 - real flock serializes physical aliases, times out busy, cancels wait and never unlinks a held inode
  ---
  duration_ms: 212.567899
  type: 'test'
  ...
# Subtest: OS lock is released when owner process is killed, without unsafe stale-PID deletion
ok 15 - OS lock is released when owner process is killed, without unsafe stale-PID deletion
  ---
  duration_ms: 153.964969
  type: 'test'
  ...
# Subtest: physical lock cleanup is last and survives a failing adapter cleanup
ok 16 - physical lock cleanup is last and survives a failing adapter cleanup
  ---
  duration_ms: 84.032576
  type: 'test'
  ...
# Subtest: late owned Board factory cannot flash after timeout and closes exactly once; borrowed remains borrowed
ok 17 - late owned Board factory cannot flash after timeout and closes exactly once; borrowed remains borrowed
  ---
  duration_ms: 735.684082
  type: 'test'
  ...
1..17
# tests 17
# suites 0
# pass 17
# fail 0
# cancelled 0
# skipped 0
# todo 0
# duration_ms 3034.238503
